[V8 guard] max|expm1(base_log_te)-M5| = 0.00e+00  -> PASS
[V8 guard] M5 (uncalibrated) differs from Meta+Cal: True (max abs diff 51182.204)

==== TOTAL COMPLETION (1|r,pmtn|sum C_j), sample=10000, PRR lambda=0.7 ====
================================================================================
TOTAL COMPLETION TIME SCHEDULING EVALUATION
Sample size: 10,000 | PRR λ: 0.70 | Seed: 42
================================================================================

Actual jobs being evaluated: 10,000
Computing baselines...

Evaluating 6 prediction methods...
--------------------------------------------------------------------------------
[1/6] M1      : ρ=0.596, SPJF/OPT=3.1185, PRR/OPT=2.6991, time=19.4s
[2/6] M3      : ρ=0.539, SPJF/OPT=3.3099, PRR/OPT=2.6166, time=20.3s
[3/6] M4      : ρ=0.586, SPJF/OPT=2.8730, PRR/OPT=2.5606, time=19.7s
[4/6] M5      : ρ=0.501, SPJF/OPT=2.6275, PRR/OPT=2.2880, time=20.0s
[5/6] M6      : ρ=0.422, SPJF/OPT=3.7762, PRR/OPT=2.7417, time=20.3s
[6/6] M7      : ρ=0.440, SPJF/OPT=3.6407, PRR/OPT=2.6969, time=20.9s

================================================================================
SUMMARY (n=10,000 jobs, runtime=128.7s)
================================================================================

BASELINES:
Policy                   ΣC_j     Avg Flow       ρ_TC  ratio/FIFO
--------------------------------------------------------------------------------
SRPT          34737974281.000  3444370.495     1.0000      0.1620
SJF           34742353254.000  3444808.392     1.0001      0.1621
RR            69421448696.538  6912717.936     1.9984      0.3238
FIFO         214373338085.000 21407906.875     6.1712      1.0000

PREDICTION METHODS (PRR with λ=0.70):
Method        ρ  SPJF ρ_TC   PRR ρ_TC  Improvement
--------------------------------------------------------------------------------
M5        0.501     2.6275     2.2880        12.9%
M4        0.586     2.8730     2.5606        10.9%
M3        0.539     3.3099     2.6166        20.9%
M7        0.440     3.6407     2.6969        25.9%
M1        0.596     3.1185     2.6991        13.5%
M6        0.422     3.7762     2.7417        27.4%

================================================================================
*** BEST: M5 achieves ρ_TC=2.2880 with PRR(λ=0.70) ***
================================================================================

[INFO] Results saved to: total_completion_results_10000.csv

==== MAX-STRETCH (1|r,pmtn|S_max), sample=5000 ====
================================================================================================
MAX-STRETCH  1|r_j,pmtn|S_max  (n=5,000)
S* = 648.8667   |   S_emp = 648.4421
------------------------------------------------------------------------------------------------
M1        SPRPT ρ_max=43.639  ρ_99=28.145  ρ_med=0.390  |  EDF-P ρ_max=71.565  ρ_99=53.890  ρ_med=1.517
M3        SPRPT ρ_max=53.749  ρ_99=33.037  ρ_med=0.471  |  EDF-P ρ_max=96.748  ρ_99=70.345  ρ_med=1.644
M4        SPRPT ρ_max=50.697  ρ_99=27.235  ρ_med=0.457  |  EDF-P ρ_max=63.438  ρ_99=47.617  ρ_med=0.553
M5        SPRPT ρ_max=27.451  ρ_99=21.335  ρ_med=0.293  |  EDF-P ρ_max=29.932  ρ_99=22.545  ρ_med=0.689
M6        SPRPT ρ_max=51.680  ρ_99=28.667  ρ_med=0.417  |  EDF-P ρ_max=86.882  ρ_99=66.223  ρ_med=1.577
M7        SPRPT ρ_max=46.385  ρ_99=26.844  ρ_med=0.408  |  EDF-P ρ_max=65.571  ρ_99=53.150  ρ_med=1.120
------------------------------------------------------------------------------------------------

BASELINES:
Algorithm                  ρ_max      ρ_99     ρ_med
OPT (EDF at S*)            1.000     0.985     0.041
SRPT (true)                1.186     1.090     0.013
FIFO                    2931.741  1287.149    25.728
LAS/FB                   169.637   132.238     3.556

Total time: 0.6s
================================================================================================

==== MAKESPAN (P||C_max), m in {5,10,20,50,100} ====
================================================================================
MAKESPAN EVALUATION  P||C_max
================================================================================

--- m = 5 machines ---
  n=115, OPT_pre=85028.4
  LPT=85037.0 (ρ=1.0001), SPT=111253.0 (ρ=1.3084), Random=138724.0 (ρ=1.6315)
  M1      : LPPT ρ=1.4806, SPPT ρ=1.5616
  M3      : LPPT ρ=1.2406, SPPT ρ=1.2542
  M4      : LPPT ρ=1.2641, SPPT ρ=1.8454
  M5      : LPPT ρ=1.2763, SPPT ρ=1.3082
  M6      : LPPT ρ=1.2724, SPPT ρ=1.5320
  M7      : LPPT ρ=1.5272, SPPT ρ=1.4760

--- m = 10 machines ---
  n=330, OPT_pre=138422.3
  LPT=138429.0 (ρ=1.0000), SPT=180626.0 (ρ=1.3049), Random=253803.7 (ρ=1.8335)
  M1      : LPPT ρ=1.7372, SPPT ρ=1.4560
  M3      : LPPT ρ=1.4513, SPPT ρ=1.4082
  M4      : LPPT ρ=1.7492, SPPT ρ=1.7585
  M5      : LPPT ρ=1.5277, SPPT ρ=1.5241
  M6      : LPPT ρ=1.8544, SPPT ρ=1.8399
  M7      : LPPT ρ=1.3936, SPPT ρ=1.5289

--- m = 20 machines ---
  n=860, OPT_pre=183117.2
  LPT=183126.0 (ρ=1.0000), SPT=284571.0 (ρ=1.5540), Random=367414.3 (ρ=2.0064)
  M1      : LPPT ρ=1.6274, SPPT ρ=2.0028
  M3      : LPPT ρ=1.3516, SPPT ρ=1.5695
  M4      : LPPT ρ=1.5725, SPPT ρ=1.6421
  M5      : LPPT ρ=1.7771, SPPT ρ=1.5458
  M6      : LPPT ρ=1.8751, SPPT ρ=1.7104
  M7      : LPPT ρ=1.5813, SPPT ρ=1.4271

--- m = 50 machines ---
  n=2800, OPT_pre=236903.8
  LPT=236913.0 (ρ=1.0000), SPT=337412.0 (ρ=1.4243), Random=466052.9 (ρ=1.9673)
  M1      : LPPT ρ=1.8395, SPPT ρ=1.8850
  M3      : LPPT ρ=1.9261, SPPT ρ=1.7462
  M4      : LPPT ρ=2.0624, SPPT ρ=1.7632
  M5      : LPPT ρ=1.8118, SPPT ρ=1.6402
  M6      : LPPT ρ=1.7869, SPPT ρ=1.7386
  M7      : LPPT ρ=1.6390, SPPT ρ=1.6940

--- m = 100 machines ---
  n=6600, OPT_pre=283942.3
  LPT=283949.0 (ρ=1.0000), SPT=472168.0 (ρ=1.6629), Random=610191.9 (ρ=2.1490)
  M1      : LPPT ρ=2.0411, SPPT ρ=1.9322
  M3      : LPPT ρ=2.3407, SPPT ρ=2.3121
  M4      : LPPT ρ=2.0707, SPPT ρ=1.7915
  M5      : LPPT ρ=1.8951, SPPT ρ=1.8891
  M6      : LPPT ρ=2.5472, SPPT ρ=1.8989
  M7      : LPPT ρ=2.1396, SPPT ρ=2.1989

================================================================================
SUMMARY TABLE
================================================================================

    m     OPT_pre     LPT ρ     SPT ρ    Rand ρ
--------------------------------------------------
    5     85028.4    1.0001    1.3084    1.6315
   10    138422.3    1.0000    1.3049    1.8335
   20    183117.2    1.0000    1.5540    2.0064
   50    236903.8    1.0000    1.4243    1.9673
  100    283942.3    1.0000    1.6629    2.1490

  Method     m    LPPT ρ    SPPT ρ
----------------------------------------
      M1     5    1.4806    1.5616
      M1    10    1.7372    1.4560
      M1    20    1.6274    2.0028
      M1    50    1.8395    1.8850
      M1   100    2.0411    1.9322
      M3     5    1.2406    1.2542
      M3    10    1.4513    1.4082
      M3    20    1.3516    1.5695
      M3    50    1.9261    1.7462
      M3   100    2.3407    2.3121
      M4     5    1.2641    1.8454
      M4    10    1.7492    1.7585
      M4    20    1.5725    1.6421
      M4    50    2.0624    1.7632
      M4   100    2.0707    1.7915
      M5     5    1.2763    1.3082
      M5    10    1.5277    1.5241
      M5    20    1.7771    1.5458
      M5    50    1.8118    1.6402
      M5   100    1.8951    1.8891
      M6     5    1.2724    1.5320
      M6    10    1.8544    1.8399
      M6    20    1.8751    1.7104
      M6    50    1.7869    1.7386
      M6   100    2.5472    1.8989
      M7     5    1.5272    1.4760
      M7    10    1.3936    1.5289
      M7    20    1.5813    1.4271
      M7    50    1.6390    1.6940
      M7   100    2.1396    2.1989
================================================================================

[INFO] Results saved to makespan_results.csv

[done] wrote artifacts/sched_results.json
